// Jest Snapshot v1, https://goo.gl/fbAQLP

exports[`directive can translate DOM attributes 1`] = `<a href="/foo" aria-label="Localized aria">Hello John</a>`;

exports[`directive can use parameters 1`] = `<a href="/foo">Hello John</a>`;

exports[`directive translates text content 1`] = `<a href="/foo">Link text</a>`;

exports[`directive warns about missing key arg 1`] = `<a href="/foo">Fallback text</a>`;

exports[`directive works without fallbacks 1`] = `<a aria-label="Localized aria">Hello John</a>`;
